  Ball.cpp
C:\Users\wade2\OneDrive\Documents\Portfolio_Of_Projects\ship\Shipwreck\easterBall.h(2,10): error C1083: Cannot open include file: 'SFML/Graphics.hpp': No such file or directory
  (compiling source file 'Ball.cpp')
  
  Flag.cpp
C:\Users\wade2\OneDrive\Documents\Portfolio_Of_Projects\ship\Shipwreck\flag.h(2,10): error C1083: Cannot open include file: 'SFML/Graphics.hpp': No such file or directory
  (compiling source file 'Flag.cpp')
  
  Survivor.cpp
C:\Users\wade2\OneDrive\Documents\Portfolio_Of_Projects\ship\Shipwreck\survivor.h(2,10): error C1083: Cannot open include file: 'SFML/Graphics.hpp': No such file or directory
  (compiling source file 'Survivor.cpp')
  
  Ship.cpp
C:\Users\wade2\OneDrive\Documents\Portfolio_Of_Projects\ship\Shipwreck\ship.h(2,10): error C1083: Cannot open include file: 'SFML/Graphics.hpp': No such file or directory
  (compiling source file 'Ship.cpp')
  
  Main.cpp
C:\Users\wade2\OneDrive\Documents\Portfolio_Of_Projects\ship\Shipwreck\ship.h(2,10): error C1083: Cannot open include file: 'SFML/Graphics.hpp': No such file or directory
  (compiling source file 'Main.cpp')
  
  Rock.cpp
C:\Users\wade2\OneDrive\Documents\Portfolio_Of_Projects\ship\Shipwreck\rock.h(2,10): error C1083: Cannot open include file: 'SFML/Graphics.hpp': No such file or directory
  (compiling source file 'Rock.cpp')
  
  Wave.cpp
C:\Users\wade2\OneDrive\Documents\Portfolio_Of_Projects\ship\Shipwreck\wave.h(2,10): error C1083: Cannot open include file: 'SFML/Graphics.hpp': No such file or directory
  (compiling source file 'Wave.cpp')
  
  Generating Code...
